<!-- wp:query {"namespace":"advanced-query-loop"} -->
<div class="wp-block-query"></div>
<!-- /wp:query -->